2025-12-04 15:05:23 - main - INFO - 加载配置文件...
2025-12-04 15:05:23 - main - INFO - 初始化组件...
2025-12-04 15:05:27 - main - INFO - 开始登录...
2025-12-04 15:05:43 - main - ERROR - 登录失败
2025-12-04 15:06:08 - main - INFO - ========== 测试模式 ==========
2025-12-04 15:06:24 - main - INFO - 登录成功！
2025-12-04 15:23:35 - main - INFO - ========== 测试模式 ==========
2025-12-04 15:23:38 - main - ERROR - 登录失败
2025-12-04 15:23:57 - main - INFO - ========== 测试模式 ==========
2025-12-04 15:24:00 - main - ERROR - 登录失败
2025-12-04 15:26:21 - main - INFO - ========== 测试模式 ==========
2025-12-04 15:26:38 - main - INFO - 登录成功！
2025-12-04 16:04:15 - main - INFO - ========== 测试模式 ==========
2025-12-04 16:04:15 - main - INFO - 加载配置文件...
2025-12-04 16:04:32 - main - INFO - 登录成功！
2025-12-04 16:04:36 - main - INFO - 正在进入羽毛球场馆...
2025-12-04 16:04:43 - main - INFO - 成功进入场馆页面，浏览器将保持打开...
2025-12-04 16:07:01 - main - INFO - ========== 测试模式 ==========
2025-12-04 16:07:01 - main - INFO - 加载配置文件...
2025-12-04 16:07:20 - main - INFO - 登录成功！
2025-12-04 16:07:34 - main - INFO - 正在进入羽毛球场馆...
2025-12-04 16:07:39 - main - INFO - 成功进入场馆页面，浏览器将保持打开...
2025-12-04 16:09:06 - main - INFO - ========== 测试模式 ==========
2025-12-04 16:09:06 - main - INFO - 加载配置文件...
2025-12-04 16:09:23 - main - INFO - 登录成功！
2025-12-04 16:10:20 - main - INFO - 正在进入羽毛球场馆...
2025-12-04 16:10:26 - main - INFO - 成功进入场馆页面，浏览器将保持打开...
2025-12-04 16:10:32 - main - INFO - ========== 测试模式 ==========
2025-12-04 16:10:32 - main - INFO - 加载配置文件...
2025-12-04 16:10:49 - main - INFO - 登录成功！
2025-12-04 16:10:49 - main - INFO - 正在进入羽毛球场馆...
2025-12-04 16:10:54 - main - INFO - 成功进入场馆页面，浏览器将保持打开...
2025-12-04 16:11:44 - main - INFO - ========== 测试模式 ==========
2025-12-04 16:11:44 - main - INFO - 加载配置文件...
2025-12-04 16:12:01 - main - INFO - 登录成功！
2025-12-04 16:12:01 - main - INFO - 正在进入羽毛球场馆...
2025-12-04 16:12:07 - main - INFO - 成功进入场馆页面，浏览器将保持打开...
2025-12-04 16:33:23 - main - INFO - ========== 测试模式 ==========
2025-12-04 16:33:23 - main - INFO - 加载配置文件...
2025-12-04 16:33:40 - main - INFO - 登录成功！
2025-12-04 16:33:40 - main - INFO - 正在进入羽毛球场馆...
2025-12-04 16:33:46 - main - INFO - 成功进入场馆页面，浏览器将保持打开...
2025-12-04 16:33:46 - main - INFO - 正在查询可用场地...
2025-12-04 16:33:46 - main - ERROR - 测试失败: name 'query_manager' is not defined
Traceback (most recent call last):
  File "c:\Users\hhhuang\Desktop\mycode\badminton_booker\main.py", line 124, in test_mode
    available_courts = query_manager.query_available_courts()
                       ^^^^^^^^^^^^^
NameError: name 'query_manager' is not defined. Did you mean: 'QueryManager'?
2025-12-04 16:34:37 - main - INFO - ========== 测试模式 ==========
2025-12-04 16:34:37 - main - INFO - 加载配置文件...
2025-12-04 16:34:54 - main - INFO - 登录成功！
2025-12-04 16:34:54 - main - INFO - 正在进入羽毛球场馆...
2025-12-04 16:34:59 - main - INFO - 成功进入场馆页面，浏览器将保持打开...
2025-12-04 16:34:59 - main - INFO - 正在查询可用场地...
2025-12-04 16:43:45 - main - INFO - ========== 测试模式 ==========
2025-12-04 16:43:45 - main - INFO - 加载配置文件...
2025-12-04 16:44:02 - main - INFO - 登录成功！
2025-12-04 16:44:02 - main - INFO - 正在进入羽毛球场馆...
2025-12-04 16:44:07 - main - INFO - 成功进入场馆页面，浏览器将保持打开...
2025-12-04 16:44:07 - main - INFO - 正在查询可用场地...
2025-12-04 16:45:05 - main - INFO - ========== 测试模式 ==========
2025-12-04 16:45:05 - main - INFO - 加载配置文件...
2025-12-04 16:45:23 - main - INFO - 登录成功！
2025-12-04 16:45:23 - main - INFO - 正在进入羽毛球场馆...
2025-12-04 16:45:28 - main - INFO - 成功进入场馆页面，浏览器将保持打开...
2025-12-04 16:45:38 - main - INFO - 正在查询可用场地...
2025-12-04 16:46:07 - main - INFO - ========== 测试模式 ==========
2025-12-04 16:46:07 - main - INFO - 加载配置文件...
2025-12-04 16:46:24 - main - INFO - 登录成功！
2025-12-04 16:46:24 - main - INFO - 正在进入羽毛球场馆...
2025-12-04 16:46:29 - main - INFO - 成功进入场馆页面，浏览器将保持打开...
2025-12-04 16:46:39 - main - INFO - 正在查询可用场地...
2025-12-04 16:48:22 - main - INFO - ========== 测试模式 ==========
2025-12-04 16:48:22 - main - INFO - 加载配置文件...
2025-12-04 16:48:39 - main - INFO - 登录成功！
2025-12-04 16:48:39 - main - INFO - 正在进入羽毛球场馆...
2025-12-04 16:48:45 - main - INFO - 成功进入场馆页面，浏览器将保持打开...
2025-12-04 16:48:55 - main - INFO - 正在查询可用场地...
2025-12-04 16:50:25 - main - INFO - ========== 测试模式 ==========
2025-12-04 16:50:25 - main - INFO - 加载配置文件...
2025-12-04 16:50:42 - main - INFO - 登录成功！
2025-12-04 16:50:42 - main - INFO - 正在进入羽毛球场馆...
2025-12-04 16:50:47 - main - INFO - 成功进入场馆页面，浏览器将保持打开...
2025-12-04 16:50:57 - main - INFO - 正在查询可用场地...
2025-12-04 17:08:30 - main - INFO - ========== 测试模式 ==========
2025-12-04 17:08:30 - main - INFO - 加载配置文件...
2025-12-04 17:08:48 - main - INFO - 登录成功！
2025-12-04 17:08:48 - main - INFO - 正在进入羽毛球场馆...
2025-12-04 17:08:54 - main - INFO - 成功进入场馆页面，浏览器将保持打开...
2025-12-04 17:09:04 - main - INFO - 正在查询可用场地...
2025-12-04 17:26:36 - main - INFO - ========== 测试模式 ==========
2025-12-04 17:26:36 - main - INFO - 加载配置文件...
2025-12-04 17:26:53 - main - INFO - 登录成功！
2025-12-04 17:26:53 - main - INFO - 正在进入羽毛球场馆...
2025-12-04 17:26:58 - main - INFO - 成功进入场馆页面，浏览器将保持打开...
2025-12-04 17:27:08 - main - INFO - 正在查询可用场地...
2025-12-04 17:33:26 - main - INFO - ========== 测试模式 ==========
2025-12-04 17:33:26 - main - INFO - 加载配置文件...
2025-12-04 17:33:40 - main - INFO - 登录成功！
2025-12-04 17:33:40 - main - INFO - 正在进入羽毛球场馆...
2025-12-04 17:33:46 - main - INFO - 成功进入场馆页面，浏览器将保持打开...
2025-12-04 17:33:56 - main - INFO - 正在查询可用场地...
2025-12-04 17:37:22 - main - INFO - ========== 测试模式 ==========
2025-12-04 17:37:22 - main - INFO - 加载配置文件...
2025-12-04 17:37:39 - main - INFO - 登录成功！
2025-12-04 17:37:39 - main - INFO - 正在进入羽毛球场馆...
2025-12-04 17:37:45 - main - INFO - 成功进入场馆页面，浏览器将保持打开...
2025-12-04 17:37:55 - main - INFO - 正在查询可用场地...
2025-12-04 19:34:20 - main - INFO - ========== 测试模式 ==========
2025-12-04 19:34:20 - main - INFO - 加载配置文件...
2025-12-04 19:34:39 - main - INFO - 登录成功！
2025-12-04 19:34:39 - main - INFO - 正在进入羽毛球场馆...
2025-12-04 19:34:45 - main - INFO - 成功进入场馆页面，浏览器将保持打开...
2025-12-04 19:34:55 - main - INFO - 正在查询可用场地...
2025-12-04 19:35:39 - main - INFO - ========== 测试模式 ==========
2025-12-04 19:35:39 - main - INFO - 加载配置文件...
2025-12-04 19:35:56 - main - INFO - 登录成功！
2025-12-04 19:35:56 - main - INFO - 正在进入羽毛球场馆...
2025-12-04 19:36:02 - main - INFO - 成功进入场馆页面，浏览器将保持打开...
2025-12-04 19:36:12 - main - INFO - 正在查询可用场地...
2025-12-04 20:04:45 - main - INFO - ========== 测试模式 ==========
2025-12-04 20:04:45 - main - INFO - 加载配置文件...
2025-12-04 20:05:03 - main - INFO - 登录成功！
2025-12-04 20:05:03 - main - INFO - 正在进入羽毛球场馆...
2025-12-04 20:05:08 - main - INFO - 成功进入场馆页面，浏览器将保持打开...
2025-12-04 20:05:18 - main - INFO - 正在查询可用场地...
2025-12-04 20:11:29 - main - INFO - ========== 测试模式 ==========
2025-12-04 20:11:29 - main - INFO - 加载配置文件...
2025-12-04 20:11:46 - main - INFO - 登录成功！
2025-12-04 20:11:46 - main - INFO - 正在进入羽毛球场馆...
2025-12-04 20:11:51 - main - INFO - 成功进入场馆页面，浏览器将保持打开...
2025-12-04 20:12:01 - main - INFO - 正在查询可用场地...
2025-12-04 20:15:38 - main - INFO - ========== 测试模式 ==========
2025-12-04 20:15:38 - main - INFO - 加载配置文件...
2025-12-04 20:15:55 - main - INFO - 登录成功！
2025-12-04 20:15:55 - main - INFO - 正在进入羽毛球场馆...
2025-12-04 20:16:01 - main - INFO - 成功进入场馆页面，浏览器将保持打开...
2025-12-04 20:16:11 - main - INFO - 正在查询可用场地...
2025-12-04 20:17:02 - main - INFO - ========== 测试模式 ==========
2025-12-04 20:17:02 - main - INFO - 加载配置文件...
2025-12-04 20:17:45 - main - INFO - 登录成功！
2025-12-04 20:17:45 - main - INFO - 正在进入羽毛球场馆...
2025-12-04 20:17:51 - main - INFO - 成功进入场馆页面，浏览器将保持打开...
2025-12-04 20:18:01 - main - INFO - 正在查询可用场地...
2025-12-04 20:20:40 - main - INFO - ========== 测试模式 ==========
2025-12-04 20:20:40 - main - INFO - 加载配置文件...
2025-12-04 20:21:01 - main - INFO - 登录成功！
2025-12-04 20:21:01 - main - INFO - 正在进入羽毛球场馆...
2025-12-04 20:21:06 - main - INFO - 成功进入场馆页面，浏览器将保持打开...
2025-12-04 20:21:16 - main - INFO - 正在查询可用场地...
2025-12-04 20:26:40 - main - INFO - ========== 测试模式 ==========
2025-12-04 20:26:40 - main - INFO - 加载配置文件...
2025-12-04 20:27:01 - main - INFO - 登录成功！
2025-12-04 20:27:01 - main - INFO - 正在进入羽毛球场馆...
2025-12-04 20:27:07 - main - INFO - 成功进入场馆页面，浏览器将保持打开...
2025-12-04 20:27:17 - main - INFO - 正在查询可用场地...
2025-12-04 20:32:11 - main - INFO - ========== 测试模式 ==========
2025-12-04 20:32:11 - main - INFO - 加载配置文件...
2025-12-04 20:32:32 - main - INFO - 登录成功！
2025-12-04 20:32:32 - main - INFO - 正在进入羽毛球场馆...
2025-12-04 20:32:38 - main - INFO - 成功进入场馆页面，浏览器将保持打开...
2025-12-04 20:32:48 - main - INFO - 正在查询可用场地...
2025-12-04 20:41:31 - main - INFO - ========== 测试模式 ==========
2025-12-04 20:41:31 - main - INFO - 加载配置文件...
2025-12-04 20:42:00 - main - INFO - 登录成功！
2025-12-04 20:42:00 - main - INFO - 正在进入羽毛球场馆...
2025-12-04 20:42:06 - main - INFO - 成功进入场馆页面，浏览器将保持打开...
2025-12-04 20:42:16 - main - INFO - 正在查询可用场地...
2025-12-04 20:50:05 - main - INFO - ========== 测试模式 ==========
2025-12-04 20:50:05 - main - INFO - 加载配置文件...
2025-12-04 20:50:24 - main - INFO - 登录成功！
2025-12-04 20:50:24 - main - INFO - 正在进入羽毛球场馆...
2025-12-04 20:50:29 - main - INFO - 成功进入场馆页面，浏览器将保持打开...
2025-12-04 20:50:39 - main - INFO - 正在查询可用场地...
2025-12-04 20:59:48 - main - INFO - ========== 测试模式 ==========
2025-12-04 20:59:48 - main - INFO - 加载配置文件...
2025-12-04 21:00:05 - main - INFO - 登录成功！
2025-12-04 21:00:05 - main - INFO - 正在进入羽毛球场馆...
2025-12-04 21:00:11 - main - INFO - 成功进入场馆页面，浏览器将保持打开...
2025-12-04 21:00:21 - main - INFO - 正在查询可用场地...
2025-12-04 21:07:58 - main - INFO - ========== 测试模式 ==========
2025-12-04 21:07:58 - main - INFO - 加载配置文件...
2025-12-04 21:08:15 - main - INFO - 登录成功！
2025-12-04 21:08:15 - main - INFO - 正在进入羽毛球场馆...
2025-12-04 21:08:20 - main - INFO - 成功进入场馆页面，浏览器将保持打开...
2025-12-04 21:08:30 - main - INFO - 正在查询可用场地...
2025-12-04 21:09:52 - main - INFO - ========== 测试模式 ==========
2025-12-04 21:09:52 - main - INFO - 加载配置文件...
2025-12-04 21:10:09 - main - INFO - 登录成功！
2025-12-04 21:10:09 - main - INFO - 正在进入羽毛球场馆...
2025-12-04 21:10:15 - main - INFO - 成功进入场馆页面，浏览器将保持打开...
2025-12-04 21:10:25 - main - INFO - 正在查询可用场地...
2025-12-04 21:13:38 - main - INFO - ========== 测试模式 ==========
2025-12-04 21:13:38 - main - INFO - 加载配置文件...
2025-12-04 21:13:56 - main - INFO - 登录成功！
2025-12-04 21:13:56 - main - INFO - 正在进入羽毛球场馆...
2025-12-04 21:14:01 - main - INFO - 成功进入场馆页面，浏览器将保持打开...
2025-12-04 21:14:11 - main - INFO - 正在查询可用场地...
2025-12-04 21:18:31 - main - INFO - ========== 测试模式 ==========
2025-12-04 21:18:31 - main - INFO - 加载配置文件...
2025-12-04 21:18:48 - main - INFO - 登录成功！
2025-12-04 21:18:48 - main - INFO - 正在进入羽毛球场馆...
2025-12-04 21:18:54 - main - INFO - 成功进入场馆页面，浏览器将保持打开...
2025-12-04 21:19:04 - main - INFO - 正在查询可用场地...
